[01/01/2026 01:40:09] INFO:): Connected to MongoDB (Mongoose)

[01/01/2026 03:44:26] INFO:): {POST} /identify/register
[01/01/2026 03:44:26] DEBUG:): the request returen with status code: 200
[01/01/2026 03:44:33] INFO:): {POST} /identify/register
[01/01/2026 03:44:33] DEBUG:): the request returen with status code: 200
[01/01/2026 03:45:49] INFO:): Connected to MongoDB (Mongoose)
[01/01/2026 03:46:47] INFO:): {POST} /identify/register
[01/01/2026 03:46:47] DEBUG:): the request returen with status code: 200
[01/01/2026 03:47:08] INFO:): {POST} /identify/register
[01/01/2026 03:47:08] DEBUG:): the request returen with status code: 200
[01/01/2026 03:49:29] INFO:): Connected to MongoDB (Mongoose)
[01/01/2026 03:56:03] INFO:): Connected to MongoDB (Mongoose)
[01/01/2026 03:57:17] INFO:): Connected to MongoDB (Mongoose)
[01/01/2026 03:57:51] INFO:): {POST} /identify/login
[01/01/2026 03:57:51] DEBUG:): the request returen with status code: 500
[01/01/2026 03:57:57] INFO:): {POST} /identify/login
[01/01/2026 03:57:57] DEBUG:): the request returen with status code: 500
[01/01/2026 04:07:47] INFO:): Connected to MongoDB (Mongoose)


[01/01/2026 13:55:01] INFO:): {POST} /identify/login
[01/01/2026 13:55:01] DEBUG:): the request returen with status code: 200
[01/01/2026 13:55:01] ERROR!: Server error on POST /identify/login: Cannot read properties of undefined (reading 'userId')
[01/01/2026 14:10:53] INFO:): Connected to MongoDB (Mongoose)
[01/01/2026 14:11:00] INFO:): {POST} /identify/login
[01/01/2026 14:11:00] DEBUG:): the request returen with status code: 200
[01/01/2026 14:11:00] ERROR!: Server error on POST /identify/login: Cannot destructure property 'email' of 'req.body' as it is undefined.
[01/01/2026 14:19:20] INFO:): Connected to MongoDB (Mongoose)
[01/01/2026 14:19:38] INFO:): {POST} /identify/login
[01/01/2026 14:19:38] DEBUG:): the request returen with status code: 200
[01/01/2026 14:19:38] ERROR!: Server error on POST /identify/login: Cannot destructure property 'email' of 'req.body' as it is undefined.
[01/01/2026 14:21:05] ERROR!: Server error on POST /identify/login: Expected double-quoted property name in JSON at position 121 (line 8 column 1)
[01/01/2026 14:22:54] INFO:): {POST} /identify/login
[01/01/2026 14:22:54] DEBUG:): the request returen with status code: 200
[01/01/2026 14:22:54] ERROR!: Server error on POST /identify/login: משתמש לא קיים
[01/01/2026 14:26:54] INFO:): {POST} /identify/login
[01/01/2026 14:26:54] DEBUG:): the request returen with status code: 200
[01/01/2026 14:26:54] ERROR!: Server error on POST /identify/login: סיסמה שגויה
[01/01/2026 14:27:36] INFO:): {POST} /identify/login
[01/01/2026 14:27:36] DEBUG:): the request returen with status code: 200
[01/01/2026 14:27:36] ERROR!: Server error on POST /identify/login: סיסמה שגויה
[01/01/2026 14:32:59] INFO:): Connected to MongoDB (Mongoose)
[01/01/2026 14:33:05] INFO:): {POST} /identify/login
[01/01/2026 14:33:05] DEBUG:): the request returen with status code: 200
[01/01/2026 14:33:05] ERROR!: Server error on POST /identify/login: סיסמה שגויה
[01/01/2026 15:01:27] INFO:): Connected to MongoDB (Mongoose)
[01/01/2026 15:01:35] INFO:): {POST} /identify/login
[01/01/2026 15:01:35] DEBUG:): the request returen with status code: 200
[01/01/2026 15:01:35] ERROR!: Error: סיסמה שגויה | Path: POST /identify/login
[01/01/2026 15:07:12] INFO:): Connected to MongoDB (Mongoose)
[01/01/2026 15:07:17] INFO:): {POST} /identify/login
[01/01/2026 15:07:17] DEBUG:): the request returen with status code: 200
[01/01/2026 15:07:17] ERROR!: Error: JWT_SECRET is not defined in environment variables | Path: POST /identify/login
[01/01/2026 15:09:56] INFO:): Connected to MongoDB (Mongoose)
[01/01/2026 15:25:52] INFO:): Connected to MongoDB (Mongoose)
[01/01/2026 15:26:06] INFO:): {POST} /identify/login
[01/01/2026 15:26:06] DEBUG:): the request returen with status code: 200
[01/01/2026 16:05:16] INFO:): Connected to MongoDB (Mongoose)
[01/01/2026 16:05:24] INFO:): {POST} /identify/login
[01/01/2026 16:05:24] DEBUG:): the request returen with status code: 200
[01/01/2026 16:08:16] INFO:): {POST} /identify/login
[01/01/2026 16:08:16] DEBUG:): the request returen with status code: 200
[01/01/2026 16:10:24] INFO:): {POST} /identify/login
[01/01/2026 16:10:24] DEBUG:): the request returen with status code: 200
[01/01/2026 16:15:52] INFO:): Connected to MongoDB (Mongoose)
[01/01/2026 16:15:58] INFO:): {POST} /identify/login
[01/01/2026 16:15:59] DEBUG:): the request returen with status code: 200
[01/01/2026 16:22:41] INFO:): Connected to MongoDB (Mongoose)
[01/01/2026 16:24:30] INFO:): {POST} /identify/login
[01/01/2026 16:24:30] DEBUG:): the request returen with status code: 200
[01/01/2026 16:24:44] INFO:): {POST} /identify/login
[01/01/2026 16:24:44] DEBUG:): the request returen with status code: 200
[01/01/2026 16:35:27] INFO:): Connected to MongoDB (Mongoose)
[01/01/2026 16:36:14] INFO:): {POST} /identify/login
[01/01/2026 16:36:14] DEBUG:): the request returen with status code: 200
[01/01/2026 16:43:59] INFO:): Connected to MongoDB (Mongoose)
[01/01/2026 16:50:22] INFO:): Connected to MongoDB (Mongoose)
[01/01/2026 16:50:26] WARN:): Failed login attempt for user: 2000
[01/01/2026 16:50:26] ERROR!: Error: Cannot set headers after they are sent to the client | Path: POST /identify/login
[01/01/2026 16:54:21] INFO:): Connected to MongoDB (Mongoose)
[01/01/2026 17:01:08] INFO:): Connected to MongoDB (Mongoose)
[01/01/2026 17:24:50] DEBUG:): the role is: undefined
[01/01/2026 17:39:14] INFO:): Connected to MongoDB (Mongoose)
[01/01/2026 17:57:56] INFO:): Connected to MongoDB (Mongoose)
[01/01/2026 18:00:26] INFO:): Connected to MongoDB (Mongoose)
[01/01/2026 18:06:49] INFO:): Connected to MongoDB (Mongoose)
[01/01/2026 18:07:02] INFO:): Connected to MongoDB (Mongoose)
[01/01/2026 18:11:28] INFO:): Connected to MongoDB (Mongoose)
[01/01/2026 18:25:04] INFO:): Connected to MongoDB (Mongoose)
[01/01/2026 18:27:07] INFO:): Connected to MongoDB (Mongoose)
[01/01/2026 18:29:07] INFO:): Connected to MongoDB (Mongoose)
[01/01/2026 18:46:49] INFO:): Connected to MongoDB (Mongoose)
[01/01/2026 18:47:06] INFO:): Connected to MongoDB (Mongoose)
[01/01/2026 18:48:12] DEBUG:): the role is: teacher
[01/01/2026 18:48:12] ERROR!: Error: Failed to add assignment | Path: POST /teacher
[01/01/2026 18:52:55] INFO:): Connected to MongoDB (Mongoose)
[01/01/2026 18:53:02] DEBUG:): the role is: teacher
[01/01/2026 18:53:02] ERROR!: Error: Failed to add assignment | Path: POST /teacher
[01/01/2026 18:58:21] INFO:): Connected to MongoDB (Mongoose)
[01/01/2026 18:58:28] DEBUG:): the role is: teacher
[01/01/2026 18:58:29] ERROR!: Error: Failed to add assignment | Path: POST /teacher
[01/01/2026 19:02:06] INFO:): Connected to MongoDB (Mongoose)
[01/01/2026 19:02:10] DEBUG:): the role is: teacher
[01/01/2026 19:02:10] ERROR!: Error: Failed to add assignment | Path: POST /teacher
[01/01/2026 19:27:06] INFO:): Connected to MongoDB (Mongoose)
[01/01/2026 19:27:22] DEBUG:): the role is: teacher
[01/01/2026 19:27:22] ERROR!: Error: Failed to add assignment | Path: POST /teacher
[01/01/2026 19:29:46] DEBUG:): the role is: teacher
[01/01/2026 19:29:46] INFO:): New assignment added by teacher, assignment title: nodejs
[01/01/2026 19:33:29] ERROR!: Error: Email already in use | Path: POST /identify/register
[01/01/2026 19:33:39] ERROR!: Error: user ID already in use | Path: POST /identify/register
[01/01/2026 19:33:51] ERROR!: Error: E11000 duplicate key error collection: Submissions_Table.users index: password_1 dup key: { password: "chag1000" } | Path: POST /identify/register
[01/01/2026 19:34:42] ERROR!: Error: E11000 duplicate key error collection: Submissions_Table.users index: classid_1 dup key: { classid: null } | Path: POST /identify/register
[01/01/2026 19:42:31] DEBUG:): the role is: teacher
[01/01/2026 19:42:31] INFO:): New assignment added by teacher, assignment title: java
[01/01/2026 19:45:12] DEBUG:): the role is: teacher
[01/01/2026 19:45:12] ERROR!: Error: Failed to add assignment | Path: POST /teacher
[01/01/2026 19:45:44] DEBUG:): the role is: teacher
[01/01/2026 19:45:44] ERROR!: Error: Failed to add assignment | Path: POST /teacher
[01/01/2026 19:48:40] DEBUG:): the role is: teacher
[01/01/2026 19:48:40] INFO:): New assignment added by teacher, assignment title: c#
[01/01/2026 19:52:44] ERROR!: Error:  | Path: GET /student/all
[01/01/2026 20:02:24] INFO:): Connected to MongoDB (Mongoose)
[01/01/2026 20:18:32] ERROR!: Error: Failed to load submissions | Path: GET /student
[01/01/2026 20:21:29] ERROR!: Error: Failed to add submission | Path: POST /student
[01/01/2026 20:24:34] INFO:): Connected to MongoDB (Mongoose)
[01/01/2026 20:24:44] ERROR!: Error: Failed to add submission | Path: POST /student
[01/01/2026 20:28:17] INFO:): Connected to MongoDB (Mongoose)
[01/01/2026 20:28:37] ERROR!: Error: Failed to add submission | Path: POST /student
[01/01/2026 20:31:18] INFO:): Connected to MongoDB (Mongoose)
[01/01/2026 20:31:54] INFO:): New submission added by student: 7000, assignment id: 6956af0a2e41035037a68158
[01/01/2026 20:35:15] INFO:): New submission added by student: 7000, assignment id: 6956b3782e41035037a68169
[01/01/2026 20:39:06] INFO:): New submission added by student: 3000, assignment id: 6956b2072e41035037a68165
[01/01/2026 20:42:16] DEBUG:): the role is: undefined
[01/01/2026 20:43:00] DEBUG:): the role is: undefined
[01/01/2026 20:52:03] INFO:): Connected to MongoDB (Mongoose)
[01/01/2026 20:52:09] DEBUG:): the role is: teacher
[01/01/2026 21:11:10] DEBUG:): the role is: undefined
[01/01/2026 21:11:54] INFO:): Connected to MongoDB (Mongoose)
[01/01/2026 21:12:05] DEBUG:): the role is: teacher
[01/01/2026 21:12:05] ERROR!: Error: Assignment not found for the given student | Path: PUT /teacher/student/7000/assignment/6956b3782e41035037a68169
[01/01/2026 21:13:09] DEBUG:): the role is: teacher
[01/01/2026 21:13:09] ERROR!: Error: Assignment not found for the given student | Path: PUT /teacher/student/7000/assignment/6956b3782e41035037a68169
[01/01/2026 21:20:58] INFO:): Connected to MongoDB (Mongoose)
[01/01/2026 21:21:18] DEBUG:): the role is: teacher
[01/01/2026 21:23:47] DEBUG:): the role is: teacher
[01/01/2026 21:25:51] DEBUG:): the role is: teacher
[01/01/2026 21:27:55] DEBUG:): the role is: teacher
[01/01/2026 21:29:50] INFO:): Connected to MongoDB (Mongoose)
[01/01/2026 21:31:50] DEBUG:): the role is: teacher
[01/01/2026 21:31:50] ERROR!: Error: Failed to load assignments | Path: GET /teacher
[01/01/2026 21:43:04] INFO:): Connected to MongoDB (Mongoose)
[01/01/2026 21:46:07] INFO:): Connected to MongoDB (Mongoose)
[01/01/2026 21:46:15] DEBUG:): the role is: teacher
[01/01/2026 21:46:15] INFO:): User ID 2000 viewed general average
[01/01/2026 21:55:15] INFO:): Connected to MongoDB (Mongoose)
[01/01/2026 22:00:00] ERROR!: Error: Failed to load submissions | Path: GET /student
[01/01/2026 22:10:50] INFO:): Connected to MongoDB (Mongoose)
[01/01/2026 22:10:59] ERROR!: Error: Failed to load class average | Path: GET /student
[01/01/2026 22:14:10] INFO:): Connected to MongoDB (Mongoose)
[01/01/2026 22:14:14] ERROR!: Error: Failed to load class average | Path: GET /student
[01/01/2026 22:17:38] INFO:): Connected to MongoDB (Mongoose)
[01/01/2026 22:17:42] ERROR!: Error: Failed to load class average | Path: GET /student
[01/01/2026 22:21:56] INFO:): Connected to MongoDB (Mongoose)
[01/01/2026 22:22:45] INFO:): User ID 3000 viewed average for class: v_3, Average: 0
[01/01/2026 22:25:03] INFO:): User ID 7000 viewed average for class: h_1, Average: 0
[01/01/2026 22:33:02] INFO:): Connected to MongoDB (Mongoose)
[01/01/2026 22:33:06] INFO:): User ID 7000 viewed average for class: h_1, Average: 0
[01/01/2026 22:35:33] INFO:): Connected to MongoDB (Mongoose)
[01/01/2026 22:35:36] INFO:): User ID 7000 viewed average for class: h_1, Average: 0
[01/01/2026 22:39:38] INFO:): Connected to MongoDB (Mongoose)
[01/01/2026 22:39:41] INFO:): User ID 7000 viewed average for class: h_1, Average: 0
[03/01/2026 21:09:53] ERROR!: Error: E11000 duplicate key error collection: Submissions_Table.users index: classid_1 dup key: { classid: "h_2" } | Path: POST /identify/register
[03/01/2026 21:10:38] INFO:): Connected to MongoDB (Mongoose)
[03/01/2026 21:10:43] ERROR!: Error: E11000 duplicate key error collection: Submissions_Table.users index: classid_1 dup key: { classid: "h_2" } | Path: POST /identify/register
[03/01/2026 22:38:27] INFO:): Connected to MongoDB (Mongoose)
[03/01/2026 22:41:03] DEBUG:): the role is: teacher
[03/01/2026 22:41:03] ERROR!: Error: Failed to load student averages | Path: GET /teacher/students-avg
[03/01/2026 22:42:52] INFO:): Connected to MongoDB (Mongoose)
[03/01/2026 22:42:56] DEBUG:): the role is: teacher
[03/01/2026 22:42:56] ERROR!: Error: Failed to load student averages | Path: GET /teacher/students-avg
[03/01/2026 22:44:40] INFO:): Connected to MongoDB (Mongoose)
[03/01/2026 22:48:36] DEBUG:): the role is: teacher
[03/01/2026 22:48:36] ERROR!: Error: Failed to load student averages | Path: GET /teacher/students-avg
[03/01/2026 22:57:30] INFO:): Connected to MongoDB (Mongoose)
[03/01/2026 22:57:34] DEBUG:): the role is: teacher
[03/01/2026 22:57:34] INFO:): Teacher 2000 viewed all student averages
[03/01/2026 23:06:31] INFO:): Connected to MongoDB (Mongoose)
[03/01/2026 23:06:42] DEBUG:): the role is: teacher
[03/01/2026 23:06:42] INFO:): Teacher 2000 viewed all student averages
[03/01/2026 23:09:29] INFO:): Connected to MongoDB (Mongoose)
[03/01/2026 23:10:02] DEBUG:): the role is: teacher
[03/01/2026 23:10:02] INFO:): Teacher 2000 viewed all student averages
[03/01/2026 23:14:33] INFO:): Connected to MongoDB (Mongoose)
[03/01/2026 23:14:36] DEBUG:): the role is: teacher
[03/01/2026 23:14:36] INFO:): Teacher 2000 viewed all student averages
[03/01/2026 23:16:38] INFO:): Connected to MongoDB (Mongoose)
[03/01/2026 23:16:43] DEBUG:): the role is: teacher
[03/01/2026 23:16:43] INFO:): Teacher 2000 viewed all student averages
[03/01/2026 23:21:05] INFO:): Connected to MongoDB (Mongoose)
[03/01/2026 23:21:10] DEBUG:): the role is: teacher
[03/01/2026 23:21:11] INFO:): Teacher 2000 viewed all student averages
[03/01/2026 23:24:26] INFO:): Connected to MongoDB (Mongoose)
[03/01/2026 23:24:30] DEBUG:): the role is: teacher
[03/01/2026 23:24:30] INFO:): Teacher 2000 viewed all student averages
[03/01/2026 23:24:33] DEBUG:): the role is: teacher
[03/01/2026 23:24:33] INFO:): Teacher 2000 viewed all student averages
[03/01/2026 23:27:06] INFO:): Connected to MongoDB (Mongoose)
[03/01/2026 23:27:09] DEBUG:): the role is: teacher
[03/01/2026 23:27:09] INFO:): Teacher 2000 viewed all student averages
[03/01/2026 23:31:46] INFO:): Connected to MongoDB (Mongoose)
[03/01/2026 23:31:53] DEBUG:): the role is: teacher
[03/01/2026 23:31:53] INFO:): Teacher 2000 viewed all student averages
[03/01/2026 23:33:39] INFO:): Connected to MongoDB (Mongoose)
[03/01/2026 23:33:43] DEBUG:): the role is: teacher
[03/01/2026 23:33:44] INFO:): Teacher 2000 viewed all student averages
[03/01/2026 23:39:22] INFO:): Connected to MongoDB (Mongoose)
[03/01/2026 23:39:27] DEBUG:): the role is: teacher
[03/01/2026 23:39:27] INFO:): Teacher 2000 viewed all student averages
[04/01/2026 01:31:50] INFO:): Connected to MongoDB (Mongoose)
[04/01/2026 01:51:17] INFO:): Connected to MongoDB (Mongoose)
[04/01/2026 01:53:30] WARN:): Failed login attempt for user: undefined
[04/01/2026 01:53:30] ERROR!: Error: סיסמה שגויה | Path: POST /identify/login
[04/01/2026 02:35:59] ERROR!: Error: ENOENT: no such file or directory, stat 'C:\Users\owner\Desktop\Server\project\src\public\index.html' | Path: GET /student/all
[04/01/2026 02:40:12] INFO:): Connected to MongoDB (Mongoose)
[04/01/2026 02:40:50] DEBUG:): the role is: teacher
[04/01/2026 02:40:50] ERROR!: Error: Failed to add assignment | Path: POST /teacher
[04/01/2026 02:40:54] DEBUG:): the role is: teacher
[04/01/2026 02:40:54] ERROR!: Error: Failed to add assignment | Path: POST /teacher
[04/01/2026 02:41:00] ERROR!: Error: ENOENT: no such file or directory, stat 'C:\Users\owner\Desktop\Server\project\public\index.html' | Path: GET /teacher/all
[04/01/2026 02:41:06] ERROR!: Error: ENOENT: no such file or directory, stat 'C:\Users\owner\Desktop\Server\project\public\index.html' | Path: GET /teacher/students-avg
[04/01/2026 02:41:24] ERROR!: Error: ENOENT: no such file or directory, stat 'C:\Users\owner\Desktop\Server\project\public\index.html' | Path: GET /student/all
[04/01/2026 02:41:27] ERROR!: Error: Failed to add submission | Path: POST /student
[04/01/2026 02:53:03] DEBUG:): the role is: teacher
[04/01/2026 02:53:03] ERROR!: Error: Failed to add assignment | Path: POST /teacher
[04/01/2026 02:53:14] DEBUG:): the role is: teacher
[04/01/2026 02:53:14] ERROR!: Error: Failed to add assignment | Path: POST /teacher
[04/01/2026 02:53:26] DEBUG:): the role is: teacher
[04/01/2026 02:53:26] ERROR!: Error: Failed to add assignment | Path: POST /teacher
[04/01/2026 02:55:03] ERROR!: Error: ENOENT: no such file or directory, stat 'C:\Users\owner\Desktop\Server\project\public\index.html' | Path: GET /teacher
[04/01/2026 02:55:03] ERROR!: Error: ENOENT: no such file or directory, stat 'C:\Users\owner\Desktop\Server\project\public\index.html' | Path: GET /favicon.ico
[04/01/2026 03:01:21] INFO:): Connected to MongoDB (Mongoose)
[04/01/2026 03:01:39] DEBUG:): the role is: teacher
[04/01/2026 03:01:39] ERROR!: Error: Failed to add assignment | Path: POST /teacher
[04/01/2026 03:01:55] DEBUG:): the role is: teacher
[04/01/2026 03:01:55] ERROR!: Error: Failed to add assignment | Path: POST /teacher
[04/01/2026 03:03:31] INFO:): Connected to MongoDB (Mongoose)
[04/01/2026 03:03:50] DEBUG:): the role is: teacher
[04/01/2026 03:03:50] ERROR!: Error: Failed to add assignment | Path: POST /teacher
[04/01/2026 03:04:12] DEBUG:): the role is: teacher
[04/01/2026 03:04:12] ERROR!: Error: Failed to add assignment | Path: POST /teacher
[04/01/2026 03:06:52] DEBUG:): the role is: teacher
[04/01/2026 03:06:52] INFO:): New assignment added by teacher, assignment title: server 
[04/01/2026 03:11:27] DEBUG:): the role is: teacher
[04/01/2026 03:11:27] ERROR!: Error: Failed to add assignment | Path: POST /teacher
[04/01/2026 03:12:56] DEBUG:): the role is: teacher
[04/01/2026 03:12:56] INFO:): New assignment added by teacher, assignment title: html

