[01/01/2026 04:26:43] ERROR!: Server error on POST /identify/login: Cannot read properties of undefined (reading 'userId')
[01/01/2026 04:26:47] ERROR!: Server error on POST /identify/login: Cannot read properties of undefined (reading 'userId')
[01/01/2026 04:34:17] ERROR!: Server error on POST /identify/login: Cannot read properties of undefined (reading 'userId')
[01/01/2026 04:34:23] ERROR!: Server error on POST /identify/login: Cannot read properties of undefined (reading 'userId')
[01/01/2026 04:35:04] ERROR!: Server error on POST /identify/login: Cannot read properties of undefined (reading 'userId')
[01/01/2026 13:55:01] ERROR!: Server error on POST /identify/login: Cannot read properties of undefined (reading 'userId')
[01/01/2026 14:11:00] ERROR!: Server error on POST /identify/login: Cannot destructure property 'email' of 'req.body' as it is undefined.
[01/01/2026 14:19:38] ERROR!: Server error on POST /identify/login: Cannot destructure property 'email' of 'req.body' as it is undefined.
[01/01/2026 14:21:05] ERROR!: Server error on POST /identify/login: Expected double-quoted property name in JSON at position 121 (line 8 column 1)
[01/01/2026 14:22:54] ERROR!: Server error on POST /identify/login: משתמש לא קיים
[01/01/2026 14:26:54] ERROR!: Server error on POST /identify/login: סיסמה שגויה
[01/01/2026 14:27:36] ERROR!: Server error on POST /identify/login: סיסמה שגויה
[01/01/2026 14:33:05] ERROR!: Server error on POST /identify/login: סיסמה שגויה
[01/01/2026 15:01:35] ERROR!: Error: סיסמה שגויה | Path: POST /identify/login
[01/01/2026 15:07:17] ERROR!: Error: JWT_SECRET is not defined in environment variables | Path: POST /identify/login
[01/01/2026 16:50:26] ERROR!: Error: Cannot set headers after they are sent to the client | Path: POST /identify/login
[01/01/2026 18:48:12] ERROR!: Error: Failed to add assignment | Path: POST /teacher
[01/01/2026 18:53:02] ERROR!: Error: Failed to add assignment | Path: POST /teacher
[01/01/2026 18:58:29] ERROR!: Error: Failed to add assignment | Path: POST /teacher
[01/01/2026 19:02:10] ERROR!: Error: Failed to add assignment | Path: POST /teacher
[01/01/2026 19:27:22] ERROR!: Error: Failed to add assignment | Path: POST /teacher
[01/01/2026 19:33:29] ERROR!: Error: Email already in use | Path: POST /identify/register
[01/01/2026 19:33:39] ERROR!: Error: user ID already in use | Path: POST /identify/register
[01/01/2026 19:33:51] ERROR!: Error: E11000 duplicate key error collection: Submissions_Table.users index: password_1 dup key: { password: "chag1000" } | Path: POST /identify/register
[01/01/2026 19:34:42] ERROR!: Error: E11000 duplicate key error collection: Submissions_Table.users index: classid_1 dup key: { classid: null } | Path: POST /identify/register
[01/01/2026 19:45:12] ERROR!: Error: Failed to add assignment | Path: POST /teacher
[01/01/2026 19:45:44] ERROR!: Error: Failed to add assignment | Path: POST /teacher
[01/01/2026 19:52:44] ERROR!: Error:  | Path: GET /student/all
[01/01/2026 20:18:32] ERROR!: Error: Failed to load submissions | Path: GET /student
[01/01/2026 20:21:29] ERROR!: Error: Failed to add submission | Path: POST /student
[01/01/2026 20:24:44] ERROR!: Error: Failed to add submission | Path: POST /student
[01/01/2026 20:28:37] ERROR!: Error: Failed to add submission | Path: POST /student
[01/01/2026 21:12:05] ERROR!: Error: Assignment not found for the given student | Path: PUT /teacher/student/7000/assignment/6956b3782e41035037a68169
[01/01/2026 21:13:09] ERROR!: Error: Assignment not found for the given student | Path: PUT /teacher/student/7000/assignment/6956b3782e41035037a68169
[01/01/2026 21:31:50] ERROR!: Error: Failed to load assignments | Path: GET /teacher
[01/01/2026 22:00:00] ERROR!: Error: Failed to load submissions | Path: GET /student
[01/01/2026 22:10:59] ERROR!: Error: Failed to load class average | Path: GET /student
[01/01/2026 22:14:14] ERROR!: Error: Failed to load class average | Path: GET /student
[01/01/2026 22:17:42] ERROR!: Error: Failed to load class average | Path: GET /student
[03/01/2026 21:09:53] ERROR!: Error: E11000 duplicate key error collection: Submissions_Table.users index: classid_1 dup key: { classid: "h_2" } | Path: POST /identify/register
[03/01/2026 21:10:43] ERROR!: Error: E11000 duplicate key error collection: Submissions_Table.users index: classid_1 dup key: { classid: "h_2" } | Path: POST /identify/register
[03/01/2026 22:41:03] ERROR!: Error: Failed to load student averages | Path: GET /teacher/students-avg
[03/01/2026 22:42:56] ERROR!: Error: Failed to load student averages | Path: GET /teacher/students-avg
[03/01/2026 22:48:36] ERROR!: Error: Failed to load student averages | Path: GET /teacher/students-avg
[04/01/2026 01:53:30] ERROR!: Error: סיסמה שגויה | Path: POST /identify/login
[04/01/2026 02:35:59] ERROR!: Error: ENOENT: no such file or directory, stat 'C:\Users\owner\Desktop\Server\project\src\public\index.html' | Path: GET /student/all
[04/01/2026 02:40:50] ERROR!: Error: Failed to add assignment | Path: POST /teacher
[04/01/2026 02:40:54] ERROR!: Error: Failed to add assignment | Path: POST /teacher
[04/01/2026 02:41:00] ERROR!: Error: ENOENT: no such file or directory, stat 'C:\Users\owner\Desktop\Server\project\public\index.html' | Path: GET /teacher/all
[04/01/2026 02:41:06] ERROR!: Error: ENOENT: no such file or directory, stat 'C:\Users\owner\Desktop\Server\project\public\index.html' | Path: GET /teacher/students-avg
[04/01/2026 02:41:24] ERROR!: Error: ENOENT: no such file or directory, stat 'C:\Users\owner\Desktop\Server\project\public\index.html' | Path: GET /student/all
[04/01/2026 02:41:27] ERROR!: Error: Failed to add submission | Path: POST /student
[04/01/2026 02:53:03] ERROR!: Error: Failed to add assignment | Path: POST /teacher
[04/01/2026 02:53:14] ERROR!: Error: Failed to add assignment | Path: POST /teacher
[04/01/2026 02:53:26] ERROR!: Error: Failed to add assignment | Path: POST /teacher
[04/01/2026 02:55:03] ERROR!: Error: ENOENT: no such file or directory, stat 'C:\Users\owner\Desktop\Server\project\public\index.html' | Path: GET /teacher
[04/01/2026 02:55:03] ERROR!: Error: ENOENT: no such file or directory, stat 'C:\Users\owner\Desktop\Server\project\public\index.html' | Path: GET /favicon.ico
[04/01/2026 03:01:39] ERROR!: Error: Failed to add assignment | Path: POST /teacher
[04/01/2026 03:01:55] ERROR!: Error: Failed to add assignment | Path: POST /teacher
[04/01/2026 03:03:50] ERROR!: Error: Failed to add assignment | Path: POST /teacher
[04/01/2026 03:04:12] ERROR!: Error: Failed to add assignment | Path: POST /teacher
[04/01/2026 03:11:27] ERROR!: Error: Failed to add assignment | Path: POST /teacher
[04/01/2026 03:13:08] ERROR!: Error: ENOENT: no such file or directory, stat 'C:\Users\owner\Desktop\Server\project\public\index.html' | Path: GET /teacher/all
[04/01/2026 03:16:16] ERROR!: Error: ENOENT: no such file or directory, stat 'C:\Users\owner\Desktop\Server\project\public\index.html' | Path: GET /teacher/all
[04/01/2026 03:16:19] ERROR!: Error: ENOENT: no such file or directory, stat 'C:\Users\owner\Desktop\Server\project\public\index.html' | Path: GET /teacher/all
[04/01/2026 03:16:28] ERROR!: Error: ENOENT: no such file or directory, stat 'C:\Users\owner\Desktop\Server\project\public\index.html' | Path: GET /teacher/all
[04/01/2026 03:20:26] ERROR!: Error: ENOENT: no such file or directory, stat 'C:\Users\owner\Desktop\Server\project\public\index.html' | Path: GET /teacher/all
[04/01/2026 03:20:39] ERROR!: Error: ENOENT: no such file or directory, stat 'C:\Users\owner\Desktop\Server\project\public\index.html' | Path: GET /teacher/all
[04/01/2026 11:11:07] ERROR!: Error: Failed to add submission | Path: POST /student
[04/01/2026 17:05:17] ERROR!: Error: Failed to add submission | Path: POST /student
[04/01/2026 17:37:59] ERROR!: Error: משתמש לא קיים | Path: POST /identify/login
